// Jest Snapshot v1, https://goo.gl/fbAQLP

exports[`Author renders correctly 1`] = `
<div
  className="author"
>
  <a
    href="/"
  >
    <div
      className="author__photo gatsby-image-wrapper"
      style={
        Object {
          "overflow": "hidden",
          "position": "relative",
        }
      }
    >
      <div
        style={
          Object {
            "paddingBottom": "100%",
            "width": "100%",
          }
        }
      />
      <img
        alt=""
        src="data:image/jpeg;base64,/9j/2wBDABALDA4MChAODQ4SERATGCgaGBYWGDEjJR0oOjM9PDkzODdASFxOQERXRTc4UG1RV19iZ2hnPk1xeXBkeFxlZ2P/2wBDARESEhgVGC8aGi9jQjhCY2NjY2NjY2NjY2NjY2NjY2NjY2NjY2NjY2NjY2NjY2NjY2NjY2NjY2NjY2NjY2NjY2P/wgARCAAUABQDASIAAhEBAxEB/8QAGAABAAMBAAAAAAAAAAAAAAAAAAIEBQP/xAAVAQEBAAAAAAAAAAAAAAAAAAAAAf/aAAwDAQACEAMQAAAB2YR5xbFVKoukE//EAB0QAQACAQUBAAAAAAAAAAAAAAIAAwEEEBEhIjP/2gAIAQEAAQUCsWSKkkJlczT9CX/Iedv/xAAVEQEBAAAAAAAAAAAAAAAAAAAQAf/aAAgBAwEBPwEh/8QAFREBAQAAAAAAAAAAAAAAAAAAEAH/2gAIAQIBAT8BKf/EABsQAQACAgMAAAAAAAAAAAAAAAEQEQAhAiJh/9oACAEBAAY/AlC3L5APkdrDK3Oo/8QAHBAAAgICAwAAAAAAAAAAAAAAAREAITFREEGx/9oACAEBAAE/IUPLAliQVq4IFCqjvdmHqOHYbmwRj2Of/9oADAMBAAIAAwAAABAvCAD/xAAXEQADAQAAAAAAAAAAAAAAAAABECEx/9oACAEDAQE/EIFoL//EABcRAQADAAAAAAAAAAAAAAAAABABITH/2gAIAQIBAT8QizB//8QAHRABAQACAgMBAAAAAAAAAAAAAREAITFBEFHBsf/aAAgBAQABPxBm4eWVs+5NAPYUe978WugFJNcuFD10O1wh1jhaolDT0L8xKhE7Pofjirn/2Q=="
        style={
          Object {
            "height": "100%",
            "left": 0,
            "objectFit": "cover",
            "objectPosition": "center",
            "opacity": 1,
            "position": "absolute",
            "top": 0,
            "transitionDelay": "500ms",
            "width": "100%",
          }
        }
      />
      <picture>
        <source
          sizes="(max-width: 128px) 100vw, 128px"
          srcSet="/static/f2f503f5b0e8c840dc4a02e3edbdb3b7/f3ac7/kobi-kadosh-thumb-256.jpg 32w,
/static/f2f503f5b0e8c840dc4a02e3edbdb3b7/116b2/kobi-kadosh-thumb-256.jpg 64w,
/static/f2f503f5b0e8c840dc4a02e3edbdb3b7/7c5ac/kobi-kadosh-thumb-256.jpg 128w,
/static/f2f503f5b0e8c840dc4a02e3edbdb3b7/97817/kobi-kadosh-thumb-256.jpg 192w,
/static/f2f503f5b0e8c840dc4a02e3edbdb3b7/c296b/kobi-kadosh-thumb-256.jpg 256w"
        />
        <img
          alt="test"
          loading="lazy"
          onLoad={[Function]}
          sizes="(max-width: 128px) 100vw, 128px"
          src="/static/f2f503f5b0e8c840dc4a02e3edbdb3b7/7c5ac/kobi-kadosh-thumb-256.jpg"
          srcSet="/static/f2f503f5b0e8c840dc4a02e3edbdb3b7/f3ac7/kobi-kadosh-thumb-256.jpg 32w,
/static/f2f503f5b0e8c840dc4a02e3edbdb3b7/116b2/kobi-kadosh-thumb-256.jpg 64w,
/static/f2f503f5b0e8c840dc4a02e3edbdb3b7/7c5ac/kobi-kadosh-thumb-256.jpg 128w,
/static/f2f503f5b0e8c840dc4a02e3edbdb3b7/97817/kobi-kadosh-thumb-256.jpg 192w,
/static/f2f503f5b0e8c840dc4a02e3edbdb3b7/c296b/kobi-kadosh-thumb-256.jpg 256w"
          style={
            Object {
              "height": "100%",
              "left": 0,
              "objectFit": "cover",
              "objectPosition": "center",
              "opacity": 0,
              "position": "absolute",
              "top": 0,
              "transition": "opacity 500ms",
              "width": "100%",
            }
          }
        />
      </picture>
      <noscript
        dangerouslySetInnerHTML={
          Object {
            "__html": "<picture><source srcset=\\"/static/f2f503f5b0e8c840dc4a02e3edbdb3b7/f3ac7/kobi-kadosh-thumb-256.jpg 32w,
/static/f2f503f5b0e8c840dc4a02e3edbdb3b7/116b2/kobi-kadosh-thumb-256.jpg 64w,
/static/f2f503f5b0e8c840dc4a02e3edbdb3b7/7c5ac/kobi-kadosh-thumb-256.jpg 128w,
/static/f2f503f5b0e8c840dc4a02e3edbdb3b7/97817/kobi-kadosh-thumb-256.jpg 192w,
/static/f2f503f5b0e8c840dc4a02e3edbdb3b7/c296b/kobi-kadosh-thumb-256.jpg 256w\\" sizes=\\"(max-width: 128px) 100vw, 128px\\" /><img loading=\\"lazy\\" sizes=\\"(max-width: 128px) 100vw, 128px\\" srcset=\\"/static/f2f503f5b0e8c840dc4a02e3edbdb3b7/f3ac7/kobi-kadosh-thumb-256.jpg 32w,
/static/f2f503f5b0e8c840dc4a02e3edbdb3b7/116b2/kobi-kadosh-thumb-256.jpg 64w,
/static/f2f503f5b0e8c840dc4a02e3edbdb3b7/7c5ac/kobi-kadosh-thumb-256.jpg 128w,
/static/f2f503f5b0e8c840dc4a02e3edbdb3b7/97817/kobi-kadosh-thumb-256.jpg 192w,
/static/f2f503f5b0e8c840dc4a02e3edbdb3b7/c296b/kobi-kadosh-thumb-256.jpg 256w\\" src=\\"/static/f2f503f5b0e8c840dc4a02e3edbdb3b7/7c5ac/kobi-kadosh-thumb-256.jpg\\" alt=\\"test\\" style=\\"position:absolute;top:0;left:0;opacity:1;width:100%;height:100%;object-fit:cover;object-position:center\\"/></picture>",
          }
        }
      />
    </div>
  </a>
  <h2
    className="author__title"
  >
    <a
      className="author__title-link"
      href="/"
    >
      test
    </a>
  </h2>
  <p
    className="author__subtitle"
  >
    test
  </p>
</div>
`;
