// Jest Snapshot v1, https://goo.gl/fbAQLP

exports[`Pagination renders correctly 1`] = `
<div>
  <div>
    <a
      className="pagination__prev-link"
      href="/page/1"
      rel="prev"
    >
      ← PREV
    </a>
  </div>
  <div>
    <a
      className="pagination__next-link"
      href="/page/3"
      rel="next"
    >
      → NEXT
    </a>
  </div>
</div>
`;
