// Jest Snapshot v1, https://goo.gl/fbAQLP

exports[`Post renders correctly 1`] = `
<div
  className="post"
>
  <a
    className="post__home-button"
    href="/"
  >
    All Articles
  </a>
  <div
    className="post__content"
  >
    <div>
      <h1>
        test
      </h1>
      <div
        dangerouslySetInnerHTML={
          {
            "__html": "<p>test</p>",
          }
        }
      />
    </div>
    <div
      data-frameborder="no"
      data-height="90"
      data-playerurl="https://elevenlabs.io/player/index.html"
      data-projectid="project-id"
      data-publicuserid="d939997dcea5f564a1ace4880f2393c1c438527124abca30937ab4a8b53fcf05"
      data-scrolling="no"
      data-width="100%"
      id="elevenlabs-audionative-widget"
    >
      Loading the
       
      <a
        href="https://elevenlabs.io/text-to-speech"
        rel="noopener"
        target="_blank"
      >
        Elevenlabs Text to Speech
      </a>
       
      AudioNative Player...
    </div>
  </div>
  <div
    className="post__footer"
  >
    <div>
      <p>
        Published 
        1 Sep 2016
      </p>
    </div>
    <div
      className="tags"
    >
      <ul
        className="tags__list"
      >
        <li
          className="tags__list-item"
        >
          <a
            className="tags__list-item-link"
            href="/test_0"
          >
            test_0
          </a>
        </li>
        <li
          className="tags__list-item"
        >
          <a
            className="tags__list-item-link"
            href="/test_1"
          >
            test_1
          </a>
        </li>
      </ul>
    </div>
    <div
      className="author"
    >
      <p
        className="author__bio"
      >
        Test bio
        <a
          className="author__bio-twitter"
          href="https://www.twitter.com/#"
          rel="noopener noreferrer"
          target="_blank"
        >
          <strong>
            Test name
          </strong>
           on Twitter
        </a>
      </p>
    </div>
  </div>
  <div
    className="post__comments"
  />
</div>
`;
